// Jest Snapshot v1, https://goo.gl/fbAQLP

exports[`Snapshot test of the generated html code 1`] = `"<select data-reactroot=\\"\\"><option>Default</option><option>undefined ğŸ‡¦ğŸ‡© undefined</option><option>undefined ğŸ‡¦ğŸ‡ª undefined</option><option>undefined ğŸ‡¦ğŸ‡« undefined</option><option>undefined ğŸ‡¦ğŸ‡¬ undefined</option><option>undefined ğŸ‡¦ğŸ‡® undefined</option><option>undefined ğŸ‡¦ğŸ‡± undefined</option><option>undefined ğŸ‡¦ğŸ‡² undefined</option><option>undefined ğŸ‡¦ğŸ‡´ undefined</option><option>undefined ğŸ‡¦ğŸ‡¶ undefined</option><option>undefined ğŸ‡¦ğŸ‡· undefined</option><option>undefined ğŸ‡¦ğŸ‡¸ undefined</option><option>undefined ğŸ‡¦ğŸ‡¹ undefined</option><option>undefined ğŸ‡¦ğŸ‡º undefined</option><option>undefined ğŸ‡¦ğŸ‡¼ undefined</option><option>undefined ğŸ‡¦ğŸ‡½ undefined</option><option>undefined ğŸ‡¦ğŸ‡¿ undefined</option><option>undefined ğŸ‡§ğŸ‡¦ undefined</option><option>undefined ğŸ‡§ğŸ‡§ undefined</option><option>undefined ğŸ‡§ğŸ‡© undefined</option><option>undefined ğŸ‡§ğŸ‡ª undefined</option><option>undefined ğŸ‡§ğŸ‡« undefined</option><option>undefined ğŸ‡§ğŸ‡¬ undefined</option><option>undefined ğŸ‡§ğŸ‡­ undefined</option><option>undefined ğŸ‡§ğŸ‡® undefined</option><option>undefined ğŸ‡§ğŸ‡¯ undefined</option><option>undefined ğŸ‡§ğŸ‡± undefined</option><option>undefined ğŸ‡§ğŸ‡² undefined</option><option>undefined ğŸ‡§ğŸ‡³ undefined</option><option>undefined ğŸ‡§ğŸ‡´ undefined</option><option>undefined ğŸ‡§ğŸ‡¶ undefined</option><option>undefined ğŸ‡§ğŸ‡· undefined</option><option>undefined ğŸ‡§ğŸ‡¸ undefined</option><option>undefined ğŸ‡§ğŸ‡¹ undefined</option><option>undefined ğŸ‡§ğŸ‡» undefined</option><option>undefined ğŸ‡§ğŸ‡¼ undefined</option><option>undefined ğŸ‡§ğŸ‡¾ undefined</option><option>undefined ğŸ‡§ğŸ‡¿ undefined</option><option>undefined ğŸ‡¨ğŸ‡¦ undefined</option><option>undefined ğŸ‡¨ğŸ‡¨ undefined</option><option>undefined ğŸ‡¨ğŸ‡© undefined</option><option>undefined ğŸ‡¨ğŸ‡« undefined</option><option>undefined ğŸ‡¨ğŸ‡¬ undefined</option><option>undefined ğŸ‡¨ğŸ‡­ undefined</option><option>undefined ğŸ‡¨ğŸ‡® undefined</option><option>undefined ğŸ‡¨ğŸ‡° undefined</option><option>undefined ğŸ‡¨ğŸ‡± undefined</option><option>undefined ğŸ‡¨ğŸ‡² undefined</option><option>undefined ğŸ‡¨ğŸ‡³ undefined</option><option>undefined ğŸ‡¨ğŸ‡´ undefined</option><option>undefined ğŸ‡¨ğŸ‡· undefined</option><option>undefined ğŸ‡¨ğŸ‡º undefined</option><option>undefined ğŸ‡¨ğŸ‡» undefined</option><option>undefined ğŸ‡¨ğŸ‡¼ undefined</option><option>undefined ğŸ‡¨ğŸ‡½ undefined</option><option>undefined ğŸ‡¨ğŸ‡¾ undefined</option><option>undefined ğŸ‡¨ğŸ‡¿ undefined</option><option>undefined ğŸ‡©ğŸ‡ª undefined</option><option>undefined ğŸ‡©ğŸ‡¯ undefined</option><option>undefined ğŸ‡©ğŸ‡° undefined</option><option>undefined ğŸ‡©ğŸ‡² undefined</option><option>undefined ğŸ‡©ğŸ‡´ undefined</option><option>undefined ğŸ‡©ğŸ‡¿ undefined</option><option>undefined ğŸ‡ªğŸ‡¨ undefined</option><option>undefined ğŸ‡ªğŸ‡ª undefined</option><option>undefined ğŸ‡ªğŸ‡¬ undefined</option><option>undefined ğŸ‡ªğŸ‡­ undefined</option><option>undefined ğŸ‡ªğŸ‡· undefined</option><option>undefined ğŸ‡ªğŸ‡¸ undefined</option><option>undefined ğŸ‡ªğŸ‡¹ undefined</option><option>undefined ğŸ‡«ğŸ‡® undefined</option><option>undefined ğŸ‡«ğŸ‡¯ undefined</option><option>undefined ğŸ‡«ğŸ‡° undefined</option><option>undefined ğŸ‡«ğŸ‡² undefined</option><option>undefined ğŸ‡«ğŸ‡´ undefined</option><option>undefined ğŸ‡«ğŸ‡· undefined</option><option>undefined ğŸ‡¬ğŸ‡¦ undefined</option><option>undefined ğŸ‡¬ğŸ‡§ undefined</option><option>undefined ğŸ‡¬ğŸ‡© undefined</option><option>undefined ğŸ‡¬ğŸ‡ª undefined</option><option>undefined ğŸ‡¬ğŸ‡« undefined</option><option>undefined ğŸ‡¬ğŸ‡¬ undefined</option><option>undefined ğŸ‡¬ğŸ‡­ undefined</option><option>undefined ğŸ‡¬ğŸ‡® undefined</option><option>undefined ğŸ‡¬ğŸ‡± undefined</option><option>undefined ğŸ‡¬ğŸ‡² undefined</option><option>undefined ğŸ‡¬ğŸ‡³ undefined</option><option>undefined ğŸ‡¬ğŸ‡µ undefined</option><option>undefined ğŸ‡¬ğŸ‡¶ undefined</option><option>undefined ğŸ‡¬ğŸ‡· undefined</option><option>undefined ğŸ‡¬ğŸ‡¸ undefined</option><option>undefined ğŸ‡¬ğŸ‡¹ undefined</option><option>undefined ğŸ‡¬ğŸ‡º undefined</option><option>undefined ğŸ‡¬ğŸ‡¼ undefined</option><option>undefined ğŸ‡¬ğŸ‡¾ undefined</option><option>undefined ğŸ‡­ğŸ‡° undefined</option><option>undefined ğŸ‡­ğŸ‡² undefined</option><option>undefined ğŸ‡­ğŸ‡³ undefined</option><option>undefined ğŸ‡­ğŸ‡· undefined</option><option>undefined ğŸ‡­ğŸ‡¹ undefined</option><option>undefined ğŸ‡­ğŸ‡º undefined</option><option>undefined ğŸ‡®ğŸ‡© undefined</option><option>undefined ğŸ‡®ğŸ‡ª undefined</option><option>undefined ğŸ‡®ğŸ‡± undefined</option><option>undefined ğŸ‡®ğŸ‡² undefined</option><option>undefined ğŸ‡®ğŸ‡³ undefined</option><option>undefined ğŸ‡®ğŸ‡´ undefined</option><option>undefined ğŸ‡®ğŸ‡¶ undefined</option><option>undefined ğŸ‡®ğŸ‡· undefined</option><option>undefined ğŸ‡®ğŸ‡¸ undefined</option><option>undefined ğŸ‡®ğŸ‡¹ undefined</option><option>undefined ğŸ‡¯ğŸ‡ª undefined</option><option>undefined ğŸ‡¯ğŸ‡² undefined</option><option>undefined ğŸ‡¯ğŸ‡´ undefined</option><option>undefined ğŸ‡¯ğŸ‡µ undefined</option><option>undefined ğŸ‡°ğŸ‡ª undefined</option><option>undefined ğŸ‡°ğŸ‡¬ undefined</option><option>undefined ğŸ‡°ğŸ‡­ undefined</option><option>undefined ğŸ‡°ğŸ‡® undefined</option><option>undefined ğŸ‡°ğŸ‡² undefined</option><option>undefined ğŸ‡°ğŸ‡³ undefined</option><option>undefined ğŸ‡°ğŸ‡µ undefined</option><option>undefined ğŸ‡°ğŸ‡· undefined</option><option>undefined ğŸ‡°ğŸ‡¼ undefined</option><option>undefined ğŸ‡°ğŸ‡¾ undefined</option><option>undefined ğŸ‡°ğŸ‡¿ undefined</option><option>undefined ğŸ‡±ğŸ‡¦ undefined</option><option>undefined ğŸ‡±ğŸ‡§ undefined</option><option>undefined ğŸ‡±ğŸ‡¨ undefined</option><option>undefined ğŸ‡±ğŸ‡® undefined</option><option>undefined ğŸ‡±ğŸ‡° undefined</option><option>undefined ğŸ‡±ğŸ‡· undefined</option><option>undefined ğŸ‡±ğŸ‡¸ undefined</option><option>undefined ğŸ‡±ğŸ‡¹ undefined</option><option>undefined ğŸ‡±ğŸ‡º undefined</option><option>undefined ğŸ‡±ğŸ‡» undefined</option><option>undefined ğŸ‡±ğŸ‡¾ undefined</option><option>undefined ğŸ‡²ğŸ‡¦ undefined</option><option>undefined ğŸ‡²ğŸ‡¨ undefined</option><option>undefined ğŸ‡²ğŸ‡© undefined</option><option>undefined ğŸ‡²ğŸ‡ª undefined</option><option>undefined ğŸ‡²ğŸ‡« undefined</option><option>undefined ğŸ‡²ğŸ‡¬ undefined</option><option>undefined ğŸ‡²ğŸ‡­ undefined</option><option>undefined ğŸ‡²ğŸ‡° undefined</option><option>undefined ğŸ‡²ğŸ‡± undefined</option><option>undefined ğŸ‡²ğŸ‡² undefined</option><option>undefined ğŸ‡²ğŸ‡³ undefined</option><option>undefined ğŸ‡²ğŸ‡´ undefined</option><option>undefined ğŸ‡²ğŸ‡µ undefined</option><option>undefined ğŸ‡²ğŸ‡¶ undefined</option><option>undefined ğŸ‡²ğŸ‡· undefined</option><option>undefined ğŸ‡²ğŸ‡¸ undefined</option><option>undefined ğŸ‡²ğŸ‡¹ undefined</option><option>undefined ğŸ‡²ğŸ‡º undefined</option><option>undefined ğŸ‡²ğŸ‡» undefined</option><option>undefined ğŸ‡²ğŸ‡¼ undefined</option><option>undefined ğŸ‡²ğŸ‡½ undefined</option><option>undefined ğŸ‡²ğŸ‡¾ undefined</option><option>undefined ğŸ‡²ğŸ‡¿ undefined</option><option>undefined ğŸ‡³ğŸ‡¦ undefined</option><option>undefined ğŸ‡³ğŸ‡¨ undefined</option><option>undefined ğŸ‡³ğŸ‡ª undefined</option><option>undefined ğŸ‡³ğŸ‡« undefined</option><option>undefined ğŸ‡³ğŸ‡¬ undefined</option><option>undefined ğŸ‡³ğŸ‡® undefined</option><option>undefined ğŸ‡³ğŸ‡± undefined</option><option>undefined ğŸ‡³ğŸ‡´ undefined</option><option>undefined ğŸ‡³ğŸ‡µ undefined</option><option>undefined ğŸ‡³ğŸ‡· undefined</option><option>undefined ğŸ‡³ğŸ‡º undefined</option><option>undefined ğŸ‡³ğŸ‡¿ undefined</option><option>undefined ğŸ‡´ğŸ‡² undefined</option><option>undefined ğŸ‡µğŸ‡¦ undefined</option><option>undefined ğŸ‡µğŸ‡ª undefined</option><option>undefined ğŸ‡µğŸ‡« undefined</option><option>undefined ğŸ‡µğŸ‡¬ undefined</option><option>undefined ğŸ‡µğŸ‡­ undefined</option><option>undefined ğŸ‡µğŸ‡° undefined</option><option>undefined ğŸ‡µğŸ‡± undefined</option><option>undefined ğŸ‡µğŸ‡² undefined</option><option>undefined ğŸ‡µğŸ‡³ undefined</option><option>undefined ğŸ‡µğŸ‡· undefined</option><option>undefined ğŸ‡µğŸ‡¸ undefined</option><option>undefined ğŸ‡µğŸ‡¹ undefined</option><option>undefined ğŸ‡µğŸ‡¼ undefined</option><option>undefined ğŸ‡µğŸ‡¾ undefined</option><option>undefined ğŸ‡¶ğŸ‡¦ undefined</option><option>undefined ğŸ‡·ğŸ‡ª undefined</option><option>undefined ğŸ‡·ğŸ‡´ undefined</option><option>undefined ğŸ‡·ğŸ‡¸ undefined</option><option>undefined ğŸ‡·ğŸ‡º undefined</option><option>undefined ğŸ‡·ğŸ‡¼ undefined</option><option>undefined ğŸ‡¸ğŸ‡¦ undefined</option><option>undefined ğŸ‡¸ğŸ‡§ undefined</option><option>undefined ğŸ‡¸ğŸ‡¨ undefined</option><option>undefined ğŸ‡¸ğŸ‡© undefined</option><option>undefined ğŸ‡¸ğŸ‡ª undefined</option><option>undefined ğŸ‡¸ğŸ‡¬ undefined</option><option>undefined ğŸ‡¸ğŸ‡­ undefined</option><option>undefined ğŸ‡¸ğŸ‡® undefined</option><option>undefined ğŸ‡¸ğŸ‡¯ undefined</option><option>undefined ğŸ‡¸ğŸ‡° undefined</option><option>undefined ğŸ‡¸ğŸ‡± undefined</option><option>undefined ğŸ‡¸ğŸ‡² undefined</option><option>undefined ğŸ‡¸ğŸ‡³ undefined</option><option>undefined ğŸ‡¸ğŸ‡´ undefined</option><option>undefined ğŸ‡¸ğŸ‡· undefined</option><option>undefined ğŸ‡¸ğŸ‡¸ undefined</option><option>undefined ğŸ‡¸ğŸ‡¹ undefined</option><option>undefined ğŸ‡¸ğŸ‡» undefined</option><option>undefined ğŸ‡¸ğŸ‡½ undefined</option><option>undefined ğŸ‡¸ğŸ‡¾ undefined</option><option>undefined ğŸ‡¸ğŸ‡¿ undefined</option><option>undefined ğŸ‡¹ğŸ‡¨ undefined</option><option>undefined ğŸ‡¹ğŸ‡© undefined</option><option>undefined ğŸ‡¹ğŸ‡« undefined</option><option>undefined ğŸ‡¹ğŸ‡¬ undefined</option><option>undefined ğŸ‡¹ğŸ‡­ undefined</option><option>undefined ğŸ‡¹ğŸ‡¯ undefined</option><option>undefined ğŸ‡¹ğŸ‡° undefined</option><option>undefined ğŸ‡¹ğŸ‡± undefined</option><option>undefined ğŸ‡¹ğŸ‡² undefined</option><option>undefined ğŸ‡¹ğŸ‡³ undefined</option><option>undefined ğŸ‡¹ğŸ‡´ undefined</option><option>undefined ğŸ‡¹ğŸ‡· undefined</option><option>undefined ğŸ‡¹ğŸ‡¹ undefined</option><option>undefined ğŸ‡¹ğŸ‡» undefined</option><option>undefined ğŸ‡¹ğŸ‡¼ undefined</option><option>undefined ğŸ‡¹ğŸ‡¿ undefined</option><option>undefined ğŸ‡ºğŸ‡¦ undefined</option><option>undefined ğŸ‡ºğŸ‡¬ undefined</option><option>undefined ğŸ‡ºğŸ‡² undefined</option><option>undefined ğŸ‡ºğŸ‡¸ undefined</option><option>undefined ğŸ‡ºğŸ‡¾ undefined</option><option>undefined ğŸ‡ºğŸ‡¿ undefined</option><option>undefined ğŸ‡»ğŸ‡¦ undefined</option><option>undefined ğŸ‡»ğŸ‡¨ undefined</option><option>undefined ğŸ‡»ğŸ‡ª undefined</option><option>undefined ğŸ‡»ğŸ‡¬ undefined</option><option>undefined ğŸ‡»ğŸ‡® undefined</option><option>undefined ğŸ‡»ğŸ‡³ undefined</option><option>undefined ğŸ‡»ğŸ‡º undefined</option><option>undefined ğŸ‡¼ğŸ‡« undefined</option><option>undefined ğŸ‡¼ğŸ‡¸ undefined</option><option>undefined ğŸ‡¾ğŸ‡ª undefined</option><option>undefined ğŸ‡¾ğŸ‡¹ undefined</option><option>undefined ğŸ‡¿ğŸ‡¦ undefined</option><option>undefined ğŸ‡¿ğŸ‡² undefined</option><option>undefined ğŸ‡¿ğŸ‡¼ undefined</option></select>"`;
